<html>
<body>
<pre>
<h1>µVision Build Log</h1>
<h2>Tool Versions:</h2>
IDE-Version: ¦ÌVision V5.27.1.0
Copyright (C) 2019 ARM Ltd and ARM Germany GmbH. All rights reserved.
License Information: 1 1, 1, LIC=03C6R-KCVJT-306NC-7KLNE-1PV1J-4CZ66
 
Tool Versions:
Toolchain:       MDK-ARM Plus  Version: 5.25.0.0
Toolchain Path:  D:\keil5\ARM\ARMCC\Bin
C Compiler:      Armcc.exe V5.06 update 6 (build 750)
Assembler:       Armasm.exe V5.06 update 6 (build 750)
Linker/Locator:  ArmLink.exe V5.06 update 6 (build 750)
Library Manager: ArmAr.exe V5.06 update 6 (build 750)
Hex Converter:   FromElf.exe V5.06 update 6 (build 750)
CPU DLL:         SARMCM3.DLL V5.25.0.0
Dialog DLL:      DCM.DLL V1.17.0.0
Target DLL:      STLink\ST-LINKIII-KEIL_SWO.dll V3.0.1.0
Dialog DLL:      TCM.DLL V1.34.0.0
 
<h2>Project:</h2>
C:\Users\26509\Desktop\my_watch\my_watch\MDK-ARM\my_watch.uvprojx
Project File Date:  05/05/2026

<h2>Output:</h2>
*** Using Compiler 'V5.06 update 6 (build 750)', folder: 'D:\keil5\ARM\ARMCC\Bin'
Build target 'my_watch'
compiling ui_GameSelectPage.c...
compiling ui.c...
compiling PageManager.c...
compiling ui_Megboxes.c...
compiling ui_OffTimePage.c...
compiling ui_MenuPage.c...
compiling ui_TimerPage.c...
compiling delay.c...
compiling ui_HRPage.c...
compiling ui_GameMemPage.c...
compiling ui_SportPage.c...
compiling ui_ChargPage.c...
compiling ui_Game2048Page.c...
compiling ui_HomePage.c...
compiling ui_SPO2Page.c...
compiling ui_DateTimeSetPage.c...
compiling ui_SetPage.c...
compiling lv_disp.c...
compiling user_ChargCheckTask.c...
compiling lv_event.c...
compiling lv_group.c...
compiling lv_indev_scroll.c...
compiling lv_indev.c...
compiling thesis_boot_lcd.c...
compiling lv_obj_class.c...
compiling lv_obj.c...
compiling lv_obj_draw.c...
compiling user_DataSaveTask.c...
compiling user_KeyTask.c...
compiling lv_obj_pos.c...
compiling user_ScrRenewTask.c...
compiling lv_obj_scroll.c...
compiling lv_obj_style.c...
compiling user_RunModeTasks.c...
compiling user_SensUpdateTask.c...
compiling user_HardwareInitTask.c...
compiling user_MessageSendTask.c...
compiling user_TasksInit.c...
compiling lv_obj_tree.c...
compiling lv_obj_style_gen.c...
compiling lv_refr.c...
compiling lv_draw.c...
compiling lv_theme.c...
compiling lv_draw_arc.c...
compiling lv_draw_img.c...
compiling lv_draw_line.c...
compiling lv_draw_label.c...
compiling lv_draw_rect.c...
compiling lv_draw_triangle.c...
compiling lv_draw_mask.c...
compiling lv_img_buf.c...
compiling lv_img_cache.c...
compiling lv_img_decoder.c...
compiling lv_extra.c...
compiling lv_calendar_header_arrow.c...
compiling lv_calendar_header_dropdown.c...
compiling lv_calendar.c...
compiling lv_spinner.c...
compiling lv_font.c...
compiling lv_font_fmt_txt.c...
compiling lv_theme_default.c...
compiling lv_font_dejavu_16_persian_hebrew.c...
compiling lv_font_montserrat_8.c...
compiling lv_font_montserrat_10.c...
compiling lv_font_loader.c...
compiling lv_font_montserrat_12.c...
compiling lv_font_montserrat_12_subpx.c...
compiling lv_font_montserrat_14.c...
compiling lv_font_montserrat_16.c...
compiling lv_font_montserrat_18.c...
compiling lv_font_montserrat_22.c...
compiling lv_font_montserrat_20.c...
compiling lv_font_montserrat_24.c...
compiling lv_font_montserrat_26.c...
compiling lv_font_montserrat_28.c...
compiling lv_font_montserrat_28_compressed.c...
compiling lv_font_montserrat_30.c...
compiling lv_font_montserrat_32.c...
compiling lv_font_montserrat_34.c...
compiling lv_font_montserrat_36.c...
compiling lv_font_montserrat_38.c...
compiling lv_font_montserrat_40.c...
compiling lv_font_montserrat_42.c...
compiling lv_font_montserrat_44.c...
compiling lv_font_montserrat_46.c...
compiling lv_font_montserrat_48.c...
compiling lv_font_simsun_16_cjk.c...
compiling lv_font_unscii_8.c...
compiling lv_font_unscii_16.c...
compiling lv_btn.c...
compiling lv_bar.c...
compiling lv_arc.c...
compiling lv_canvas.c...
compiling lv_checkbox.c...
compiling lv_btnmatrix.c...
compiling lv_objx_templ.c...
compiling lv_dropdown.c...
compiling lv_img.c...
compiling lv_label.c...
compiling lv_roller.c...
compiling lv_switch.c...
compiling lv_slider.c...
compiling lv_hal_tick.c...
compiling lv_hal_indev.c...
compiling lv_hal_disp.c...
compiling lv_anim_timeline.c...
compiling lv_anim.c...
compiling lv_async.c...
compiling lv_area.c...
compiling lv_bidi.c...
compiling lv_color.c...
compiling lv_gc.c...
compiling lv_fs.c...
compiling lv_log.c...
compiling lv_ll.c...
compiling lv_lru.c...
compiling lv_math.c...
compiling lv_mem.c...
compiling lv_style.c...
compiling lv_printf.c...
compiling lv_templ.c...
compiling lv_style_gen.c...
compiling lv_timer.c...
compiling lv_table.c...
compiling lv_utils.c...
compiling lv_txt_ap.c...
compiling lv_txt.c...
compiling lv_tlsf.c...
compiling lv_draw_sw.c...
compiling lv_draw_sw_dither.c...
compiling lv_draw_sw_arc.c...
compiling lv_draw_sw_gradient.c...
compiling lv_draw_sw_blend.c...
compiling lv_draw_sw_img.c...
compiling lv_draw_sw_letter.c...
compiling lv_draw_sw_polygon.c...
compiling lv_draw_sw_line.c...
compiling lv_textarea.c...
compiling lv_flex.c...
compiling lv_draw_sw_rect.c...
compiling lv_meter.c...
compiling lv_grid.c...
compiling lv_port_disp.c...
compiling lv_port_indev.c...
linking...
Program Size: Code=198640 RO-data=199192 RW-data=2468 ZI-data=107092  
FromELF: creating hex file...
After Build - User command #1: fromelf.exe --bin -o "my_watch\my_watch.bin" "my_watch\my_watch.axf
"my_watch\my_watch.axf" - 0 Error(s), 0 Warning(s).

<h2>Software Packages used:</h2>

Package Vendor: ARM
                http://www.keil.com/pack/ARM.CMSIS.5.2.0.pack
                ARM.CMSIS.5.2.0
                CMSIS (Cortex Microcontroller Software Interface Standard)
   * Component: CORE Version: 5.0.2

Package Vendor: Keil
                https://www.keil.com/pack/Keil.STM32F4xx_DFP.2.17.1.pack
                Keil.STM32F4xx_DFP.2.17.1
                STMicroelectronics STM32F4 Series Device Support, Drivers and Examples

<h2>Collection of Component include folders:</h2>
  .\RTE\_my_watch
  D:\keil5\ARM\PACK\ARM\CMSIS\5.2.0\CMSIS\Include
  D:\keil5\ARM\PACK\Keil\STM32F4xx_DFP\2.17.1\Drivers\CMSIS\Device\ST\STM32F4xx\Include

<h2>Collection of Component Files used:</h2>

   * Component: ARM::CMSIS:CORE:5.0.2
Build Time Elapsed:  00:00:17
</pre>
</body>
</html>
